// Jest Snapshot v1, https://goo.gl/fbAQLP

exports[`App renders an app 1`] = `
<div
  className="app"
>
  <Track
    clips={
      Array [
        Object {
          "duration": "2m",
          "id": 0,
          "name": "Funky Clip 1",
          "playbackState": "stopped",
          "url": "/media/drums-1.wav",
        },
        Object {
          "duration": "4m",
          "id": 1,
          "name": "Funky Clip 2",
          "playbackState": "stopped",
          "url": "/media/drums-2.wav",
        },
        Object {
          "duration": "2m",
          "id": 2,
          "name": "Funky Clip 3",
          "playbackState": "stopped",
          "url": "/media/drums-1.wav",
        },
      ]
    }
    color="blue"
    id={0}
    key="Drums"
    name="Drums"
    onClick={[Function]}
  />
  <Track
    clips={
      Array [
        Object {
          "duration": "2m",
          "id": 0,
          "name": "Soft Clip 1",
          "playbackState": "stopped",
          "url": "/media/melody-1.wav",
        },
        Object {
          "duration": "2m",
          "id": 1,
          "name": "Soft Clip 2",
          "playbackState": "stopped",
          "url": "/media/melody-2.wav",
        },
        Object {
          "duration": "2m",
          "id": 2,
          "name": "Soft Clip 3",
          "playbackState": "stopped",
          "url": "/media/melody-1.wav",
        },
      ]
    }
    color="deeppink"
    id={1}
    key="Melody"
    name="Melody"
    onClick={[Function]}
  />
</div>
`;
