// Jest Snapshot v1, https://goo.gl/fbAQLP

exports[`Clip renders a clip 1`] = `
<Loader
  message={
    <span
      className="spinner"
    >
      loading
    </span>
  }
  priority={0}
  show={true}
>
  <button
    className="button clip stopped"
    onClick={[Function]}
  >
    <styled.div
      className="progress"
    />
  </button>
</Loader>
`;
