// Jest Snapshot v1, https://goo.gl/fbAQLP

exports[`Track renders a track 1`] = `
<styled.div
  className="track"
  color="deeppink"
>
  <h4
    className="title"
  >
    Track 1
  </h4>
  <Clip
    duration="2m"
    id={0}
    key="Funky Clip 1"
    name="Funky Clip 1"
    onClick={[Function]}
    playbackState="stopped"
    url="funk.mp3"
  />
  <Clip
    duration="2m"
    id={1}
    key="Funky Clip 2"
    name="Funky Clip 2"
    onClick={[Function]}
    playbackState="stopped"
    url="funk2.mp3"
  />
</styled.div>
`;
